d:\유준환\153기\frame153\client\include\x64\debug\client.pch
d:\유준환\153기\frame153\client\include\x64\debug\vc143.pdb
d:\유준환\153기\frame153\client\include\x64\debug\vc143.idb
d:\유준환\153기\frame153\client\include\x64\debug\pch.obj
d:\유준환\153기\frame153\client\include\x64\debug\client.obj
d:\유준환\153기\frame153\client\include\x64\debug\cmainapp.obj
d:\유준환\153기\frame153\client\bin\client.exe
d:\유준환\153기\frame153\client\bin\client.pdb
d:\유준환\153기\frame153\client\include\x64\debug\client.res
d:\유준환\153기\frame153\client\bin\client.lib
d:\유준환\153기\frame153\client\bin\client.exp
d:\유준환\153기\frame153\client\include\x64\debug\client.ilk
d:\유준환\153기\frame153\client\include\x64\debug\client.tlog\cl.command.1.tlog
d:\유준환\153기\frame153\client\include\x64\debug\client.tlog\cl.items.tlog
d:\유준환\153기\frame153\client\include\x64\debug\client.tlog\cl.read.1.tlog
d:\유준환\153기\frame153\client\include\x64\debug\client.tlog\cl.write.1.tlog
d:\유준환\153기\frame153\client\include\x64\debug\client.tlog\link.command.1.tlog
d:\유준환\153기\frame153\client\include\x64\debug\client.tlog\link.read.1.tlog
d:\유준환\153기\frame153\client\include\x64\debug\client.tlog\link.secondary.1.tlog
d:\유준환\153기\frame153\client\include\x64\debug\client.tlog\link.write.1.tlog
d:\유준환\153기\frame153\client\include\x64\debug\client.tlog\rc.command.1.tlog
d:\유준환\153기\frame153\client\include\x64\debug\client.tlog\rc.read.1.tlog
d:\유준환\153기\frame153\client\include\x64\debug\client.tlog\rc.write.1.tlog
