  CDebug.cpp
     ../Bin\Engine.lib 라이브러리 및 ../Bin\Engine.exp 개체를 생성하고 있습니다.
  코드를 생성하고 있습니다.
  119 of 939 functions (12.7%) were compiled, the rest were copied from previous compilation.
    57 functions were new in current compilation
    46 functions had inline decision re-evaluated but remain unchanged
  코드를 생성했습니다.
  Engine.vcxproj -> C:\Users\dk601\Downloads\SRFramework\Engine\Bin\Engine.dll
  '//'은(는) 내부 또는 외부 명령, 실행할 수 있는 프로그램, 또는
  배치 파일이 아닙니다.
  .\Engine\Header\CCamera.h
  .\Engine\Header\CComponent.h
  .\Engine\Header\CDebug.h
  .\Engine\Header\CFrame.h
  .\Engine\Header\CFrameMgr.h
  .\Engine\Header\CGameObject.h
  .\Engine\Header\CGraphicDev.h
  .\Engine\Header\CInput.h
  .\Engine\Header\CManagement.h
  .\Engine\Header\CRectCol.h
  .\Engine\Header\CScene.h
  .\Engine\Header\CSpriteRenderer.h
  .\Engine\Header\CTimeMgr.h
  .\Engine\Header\CTimer.h
  .\Engine\Header\CTransform.h
  .\Engine\Header\CTriCol.h
  .\Engine\Header\CVIBuffer.h
  .\Engine\Header\Engine_Define.h
  .\Engine\Header\Engine_Enum.h
  .\Engine\Header\Engine_Function.h
  .\Engine\Header\Engine_Macro.h
  .\Engine\Header\Engine_Struct.h
  .\Engine\Header\Engine_Typedef.h
  23개 파일이 복사되었습니다.
  .\Engine\Bin\Engine.dll
  1개 파일이 복사되었습니다.
  .\Engine\Bin\Engine.lib
  1개 파일이 복사되었습니다.
