c:\users\dk601\downloads\srframework\engine\include\x64\debug\vc143.pdb
c:\users\dk601\downloads\srframework\engine\include\x64\debug\vc143.idb
c:\users\dk601\downloads\srframework\engine\include\x64\debug\spriterenderer.obj
c:\users\dk601\downloads\srframework\engine\include\x64\debug\cvibuffer.obj
c:\users\dk601\downloads\srframework\engine\include\x64\debug\ctricol.obj
c:\users\dk601\downloads\srframework\engine\include\x64\debug\ctransform.obj
c:\users\dk601\downloads\srframework\engine\include\x64\debug\ctimemgr.obj
c:\users\dk601\downloads\srframework\engine\include\x64\debug\ctimer.obj
c:\users\dk601\downloads\srframework\engine\include\x64\debug\cscene.obj
c:\users\dk601\downloads\srframework\engine\include\x64\debug\cmanagement.obj
c:\users\dk601\downloads\srframework\engine\include\x64\debug\cinput.obj
c:\users\dk601\downloads\srframework\engine\include\x64\debug\cgraphicdev.obj
c:\users\dk601\downloads\srframework\engine\include\x64\debug\cgameobject.obj
c:\users\dk601\downloads\srframework\engine\include\x64\debug\cframemgr.obj
c:\users\dk601\downloads\srframework\engine\include\x64\debug\cframe.obj
c:\users\dk601\downloads\srframework\engine\include\x64\debug\ccomponent.obj
c:\users\dk601\downloads\srframework\engine\include\x64\debug\ccamera.obj
c:\users\dk601\downloads\srframework\engine\bin\engine.dll
c:\users\dk601\downloads\srframework\engine\bin\engine.pdb
c:\users\dk601\downloads\srframework\engine\include\x64\debug\engine.res
c:\users\dk601\downloads\srframework\engine\bin\engine.lib
c:\users\dk601\downloads\srframework\engine\bin\engine.exp
c:\users\dk601\downloads\srframework\engine\include\x64\debug\engine.ilk
c:\users\dk601\downloads\srframework\engine\include\x64\debug\engine.tlog\cl.command.1.tlog
c:\users\dk601\downloads\srframework\engine\include\x64\debug\engine.tlog\cl.items.tlog
c:\users\dk601\downloads\srframework\engine\include\x64\debug\engine.tlog\cl.read.1.tlog
c:\users\dk601\downloads\srframework\engine\include\x64\debug\engine.tlog\cl.write.1.tlog
c:\users\dk601\downloads\srframework\engine\include\x64\debug\engine.tlog\link.command.1.tlog
c:\users\dk601\downloads\srframework\engine\include\x64\debug\engine.tlog\link.read.1.tlog
c:\users\dk601\downloads\srframework\engine\include\x64\debug\engine.tlog\link.secondary.1.tlog
c:\users\dk601\downloads\srframework\engine\include\x64\debug\engine.tlog\link.write.1.tlog
c:\users\dk601\downloads\srframework\engine\include\x64\debug\engine.tlog\rc.command.1.tlog
c:\users\dk601\downloads\srframework\engine\include\x64\debug\engine.tlog\rc.read.1.tlog
c:\users\dk601\downloads\srframework\engine\include\x64\debug\engine.tlog\rc.write.1.tlog
